Traceback (most recent call last):
  File "/home/kris/workspace/qianxuzhen/Pruning-LLMs/thirdparty/transformers-4.51.1/src/transformers/__init__.py", line 4222, in <module>
    raise OptionalDependencyNotAvailable()
transformers.utils.import_utils.OptionalDependencyNotAvailable

During handling of the above exception, another exception occurred:

Traceback (most recent call last):
  File "/home/kris/miniconda3/envs/opencompass-pat/lib/python3.10/site-packages/opencompass/tasks/openicl_eval.py", line 481, in <module>
    inferencer.run()
  File "/home/kris/miniconda3/envs/opencompass-pat/lib/python3.10/site-packages/opencompass/tasks/openicl_eval.py", line 86, in run
    self._score()
  File "/home/kris/miniconda3/envs/opencompass-pat/lib/python3.10/site-packages/opencompass/tasks/openicl_eval.py", line 89, in _score
    test_set = build_dataset_from_cfg(self.dataset_cfg).test
  File "/home/kris/miniconda3/envs/opencompass-pat/lib/python3.10/site-packages/opencompass/utils/build.py", line 12, in build_dataset_from_cfg
    return LOAD_DATASET.build(dataset_cfg)
  File "/home/kris/miniconda3/envs/opencompass-pat/lib/python3.10/site-packages/mmengine/registry/registry.py", line 570, in build
    return self.build_func(cfg, *args, **kwargs, registry=self)
  File "/home/kris/miniconda3/envs/opencompass-pat/lib/python3.10/site-packages/mmengine/registry/build_functions.py", line 98, in build_from_cfg
    obj_cls = registry.get(obj_type)
  File "/home/kris/miniconda3/envs/opencompass-pat/lib/python3.10/site-packages/mmengine/registry/registry.py", line 451, in get
    self.import_from_location()
  File "/home/kris/miniconda3/envs/opencompass-pat/lib/python3.10/site-packages/mmengine/registry/registry.py", line 376, in import_from_location
    import_module(loc)
  File "/home/kris/miniconda3/envs/opencompass-pat/lib/python3.10/importlib/__init__.py", line 126, in import_module
    return _bootstrap._gcd_import(name[level:], package, level)
  File "<frozen importlib._bootstrap>", line 1050, in _gcd_import
  File "<frozen importlib._bootstrap>", line 1027, in _find_and_load
  File "<frozen importlib._bootstrap>", line 1006, in _find_and_load_unlocked
  File "<frozen importlib._bootstrap>", line 688, in _load_unlocked
  File "<frozen importlib._bootstrap_external>", line 883, in exec_module
  File "<frozen importlib._bootstrap>", line 241, in _call_with_frames_removed
  File "/home/kris/miniconda3/envs/opencompass-pat/lib/python3.10/site-packages/opencompass/datasets/__init__.py", line 1, in <module>
    from .advglue import *  # noqa: F401, F403
  File "/home/kris/miniconda3/envs/opencompass-pat/lib/python3.10/site-packages/opencompass/datasets/advglue.py", line 6, in <module>
    from opencompass.openicl.icl_evaluator import AccEvaluator
  File "/home/kris/miniconda3/envs/opencompass-pat/lib/python3.10/site-packages/opencompass/openicl/__init__.py", line 1, in <module>
    from .icl_dataset_reader import DatasetReader  # noqa
  File "/home/kris/miniconda3/envs/opencompass-pat/lib/python3.10/site-packages/opencompass/openicl/icl_dataset_reader.py", line 8, in <module>
    from transformers import AutoTokenizer
  File "/home/kris/workspace/qianxuzhen/Pruning-LLMs/thirdparty/transformers-4.51.1/src/transformers/__init__.py", line 4224, in <module>
    from .utils import dummy_tf_objects
  File "/home/kris/workspace/qianxuzhen/Pruning-LLMs/thirdparty/transformers-4.51.1/src/transformers/utils/dummy_tf_objects.py", line 628, in <module>
    class TFBlipVisionModel(metaclass=DummyObject):
KeyboardInterrupt
